// Jest Snapshot v1, https://goo.gl/fbAQLP

exports[`App renders without crashing 1`] = `
<BrowserRouter>
  <MainMenu />
  <Switch>
    <Route
      exact={true}
      path="/"
    >
      <Redirect
        to="/schedule"
      />
    </Route>
    <Route
      component={[Function]}
      path="/authentication"
    />
    <AuthorizeRoute
      component={[Function]}
      path="/schedule"
    />
    <AuthorizeRoute
      component={[Function]}
      path="/workers"
    />
    <Route
      component={[Function]}
    />
  </Switch>
</BrowserRouter>
`;
