// Jest Snapshot v1, https://goo.gl/fbAQLP

exports[`JobsList renders correctly 1`] = `
<BasicTable
  columns={
    Array [
      Object {
        "Cell": [Function],
        "Filter": [Function],
        "Header": "Job Number",
        "accessor": "jobNumber",
      },
      Object {
        "Filter": [Function],
        "Header": "Description",
        "accessor": "description",
      },
      Object {
        "Filter": [Function],
        "Header": "Location",
        "accessor": "location",
      },
      Object {
        "Cell": [Function],
        "Filter": [Function],
        "Header": "Complete",
        "accessor": "status",
        "className": "text-center",
        "filter": "exactText",
      },
      Object {
        "Cell": [Function],
        "Header": "Date Received",
        "accessor": "dateReceived",
        "className": "text-center",
        "disableFilters": true,
        "sortType": "momentSort",
      },
    ]
  }
  data={
    Array [
      Object {
        "dateReceived": undefined,
        "description": "Test Job",
        "id": 1,
        "jobNumber": "J123",
        "location": "Test Room",
        "status": "In Progress",
      },
    ]
  }
  initialState={
    Object {
      "sortBy": Array [
        Object {
          "desc": true,
          "id": "dateReceived",
        },
      ],
    }
  }
/>
`;
