// Jest Snapshot v1, https://goo.gl/fbAQLP

exports[`JobTasksList renders correctly 1`] = `
<BasicTable
  columns={
    Array [
      Object {
        "Cell": [Function],
        "Filter": [Function],
        "Header": "Description",
        "accessor": "description",
      },
      Object {
        "Cell": [Function],
        "Header": "Start",
        "accessor": "start",
        "className": "text-center",
        "disableFilters": true,
        "sortType": "momentSort",
      },
      Object {
        "Cell": [Function],
        "Header": "End",
        "accessor": "end",
        "className": "text-center",
        "disableFilters": true,
        "sortType": "momentSort",
      },
    ]
  }
  data={
    Array [
      Object {
        "description": "Test Task 1",
        "end": "2020-02-29T21:00:00.000Z",
        "id": 1,
        "start": "2020-02-29T19:00:00.000Z",
      },
      Object {
        "description": "Test Task 2",
        "end": "2020-02-28T21:00:00.000Z",
        "id": 2,
        "start": "2020-02-28T19:00:00.000Z",
      },
    ]
  }
  initialState={
    Object {
      "sortBy": Array [
        Object {
          "desc": true,
          "id": "start",
        },
      ],
    }
  }
/>
`;
